m2h 终端预览

  一段包含 粗体、强调、删除线 和 链接 https://example.com 的 Unicode 文本。

  • 第一项
  • 第二项
  [✓] 已完成
  [ ] 待处理

   名称                                 │                                  值
  ──────────────────────────────────────┼─────────────────────────────────────
   alpha                                │                                   1
   beta                                 │                                   2

    fmt.Println("hello")

  Term : definition syntax stays standard GFM
